// Jest Snapshot v1, https://goo.gl/fbAQLP

exports[`Testing the Home page The home page renders correctly 1`] = `
<main
  className="MuiContainer-root MuiContainer-disableGutters makeStyles-container-1 css-q7bdj4-MuiContainer-root"
>
  <div
    className="MuiGrid-root MuiGrid-container MuiContainer-root MuiContainer-maxWidthSm makeStyles-parent-2 css-1vko90e-MuiGrid-root-MuiContainer-root"
  >
    <h1
      className="MuiTypography-root MuiTypography-h1 MuiTypography-colorInitial MuiTypography-alignInherit MuiTypography-displayInitial makeStyles-text-3 css-o2w69a-MuiTypography-root"
    >
      Renfrew
    </h1>
    <h3
      className="MuiTypography-root MuiTypography-h3 MuiTypography-colorInitial MuiTypography-alignInherit MuiTypography-displayInitial makeStyles-text-3 css-gepadz-MuiTypography-root"
    >
      (Liang Chen)
    </h3>
    <h6
      className="MuiTypography-root MuiTypography-h6 MuiTypography-colorInitial MuiTypography-alignInherit MuiTypography-displayInitial makeStyles-text-3 css-2ulfj5-MuiTypography-root"
    >
      I am a programer, a technology enthusiast.
    </h6>
    <div
      className="MuiGrid-root makeStyles-explore-4 css-u0fht3-MuiGrid-root"
    >
      <button
        className="MuiButtonBase-root MuiButton-root MuiButton-contained MuiButton-containedSecondary MuiButton-sizeLarge MuiButton-containedSizeLarge css-1olissi-MuiButtonBase-root-MuiButton-root"
        disabled={false}
        onBlur={[Function]}
        onClick={[Function]}
        onDragLeave={[Function]}
        onFocus={[Function]}
        onKeyDown={[Function]}
        onKeyUp={[Function]}
        onMouseDown={[Function]}
        onMouseLeave={[Function]}
        onMouseUp={[Function]}
        onTouchEnd={[Function]}
        onTouchMove={[Function]}
        onTouchStart={[Function]}
        tabIndex={0}
      >
        <span
          className="MuiButton-label css-8xplcm-MuiButton-label"
        >
          Explore
        </span>
      </button>
    </div>
  </div>
</main>
`;
